// Jest Snapshot v1, https://goo.gl/fbAQLP

exports[`renders correctly when there are no items 1`] = `
<div
  className="sc-gtssRu eSBDSp"
>
  <div
    className="sc-bdnylx kxBuNG"
    onClick={[Function]}
  >
    +
  </div>
  <div
    className="sc-bdnylx kxBuNG"
    onClick={[Function]}
  >
    -
  </div>
  <div
    className="sc-bdnylx kxBuNG"
    onClick={[Function]}
  >
    *
  </div>
  <div
    className="sc-bdnylx kxBuNG"
    onClick={[Function]}
  >
    /
  </div>
  <div
    className="sc-bdnylx kxBuNG"
    onClick={[Function]}
  >
    =
  </div>
</div>
`;
